abool: bool .
dgraph.drop.op: string .
dgraph.graphql.p_query: string @index(sha256) .
dgraph.graphql.schema: string .
dgraph.graphql.xid: string @index(exact) @upsert .
dgraph.type: [string] @index(exact) .
dob: datetime @index(year) .
friends: [uid] @reverse @count .
height: float .
name: string @index(term,exact) @upsert .
scores: [int] @index(int) .
type Person {
	name
	friends
	dob
	abool
	height
	scores
}

type dgraph.graphql {
	dgraph.graphql.schema
	dgraph.graphql.xid
}

type dgraph.graphql.persisted_query {
	dgraph.graphql.p_query
}
